// Jest Snapshot v1, https://goo.gl/fbAQLP

exports[`check render correctly <LandingHeroContainer /> component 1`] = `
.c2 {
  position: absolute;
  top: 50%;
  left: 50%;
  width: 13rem;
  height: 13rem;
  -webkit-transform: translate(-50%,-50%);
  -ms-transform: translate(-50%,-50%);
  transform: translate(-50%,-50%);
  cursor: pointer;
  background-color: rgba(254,244,230,0.8);
  -webkit-backdrop-filter: blur(10px);
  backdrop-filter: blur(10px);
  border-radius: 50%;
  -webkit-transition: all 0.2s ease-in-out;
  transition: all 0.2s ease-in-out;
  will-change: transform;
}

.c2:hover {
  box-shadow: 0px 1rem 2rem rgba(0,0,0,0.2);
  background-color: rgba(254,244,230,1);
}

.c3 {
  position: absolute;
  top: 50%;
  left: 50%;
  -webkit-transform: translate(-50%,-50%);
  -ms-transform: translate(-50%,-50%);
  transform: translate(-50%,-50%);
  width: 5.8rem;
  height: 5.8rem;
}

.c4 {
  position: absolute;
  top: 50%;
  left: 50%;
  -webkit-transform: translate(-50%,-50%);
  -ms-transform: translate(-50%,-50%);
  transform: translate(-50%,-50%);
  margin-left: 0.35rem;
}

.c5 {
  position: absolute;
  display: none;
  top: 50%;
  left: 50%;
  -webkit-transform: translate(-50%,-50%);
  -ms-transform: translate(-50%,-50%);
  transform: translate(-50%,-50%);
  margin-left: 0.35rem;
}

.c0 {
  position: relative;
  margin: 0 auto;
  margin-bottom: 15rem;
  margin: 0 10rem;
  text-align: center;
  border-radius: 0.8rem;
  background: linear-gradient( 180deg, rgba(0,0,0,0.26) 0%, rgba(0,0,0,0.06) 100% );
}

.c1 {
  position: relative;
  z-index: -1;
  display: block;
  height: 100%;
  width: 100%;
  border-radius: 0.8rem;
}

@media (max-width:375px) {
  .c2 {
    width: 7.8rem;
    height: 7.8rem;
  }
}

@media (max-width:375px) {
  .c3 {
    width: 3.48rem;
    height: 3.48rem;
  }
}

@media (max-width:375px) {
  .c4 {
    display: none;
  }
}

@media (max-width:375px) {
  .c5 {
    display: block;
  }
}

@media (max-width:768px) {
  .c0 {
    margin: 0 0 15rem 0;
    padding: 0;
    width: 100%;
    border-radius: 0.8rem;
  }
}

<div
  className="c0"
>
  <img
    alt="Woman as freelance worker does yoga exersice in jumper."
    className="c1"
    src="yoga-woman-image.png"
  />
  <div
    className="c2"
  >
    <div
      className="c3"
    >
      <svg
        className="c4"
      >
        playButtonPolygon.svg
      </svg>
    </div>
    <svg
      className="c5"
    >
      playButtonPolygonSmall.svg
    </svg>
  </div>
</div>
`;
