// Jest Snapshot v1, https://goo.gl/fbAQLP

exports[`check render correctly <AccomplishmentItem /> component 1`] = `
.c4 {
  display: -webkit-box;
  display: -webkit-flex;
  display: -ms-flexbox;
  display: flex;
  -webkit-flex-direction: column;
  -ms-flex-direction: column;
  flex-direction: column;
  -webkit-box-pack: center;
  -webkit-justify-content: center;
  -ms-flex-pack: center;
  justify-content: center;
  -webkit-align-self: center;
  -ms-flex-item-align: center;
  align-self: center;
  height: 45rem;
  border-radius: 8px;
  background-color: #FFFFFF;
  -webkit-transition: all 0.3s cubic-bezier(0.455,0.03,0.515,0.955);
  transition: all 0.3s cubic-bezier(0.455,0.03,0.515,0.955);
  will-change: transform;
}

.c4:hover {
  box-shadow: 0px 1rem 2rem rgba(0,0,0,0.25);
  -webkit-transform: translateY(1rem);
  -ms-transform: translateY(1rem);
  transform: translateY(1rem);
}

.c5 {
  font-family: 'Rozha One',serif;
  font-size: 2.4rem;
  padding-top: 8.1rem;
  margin-bottom: 1.6rem;
  font-style: normal;
  font-weight: normal;
  line-height: 117%;
  text-align: center;
  font-feature-settings: "haln" on;
  color: #131E07;
}

.c6 {
  font-family: 'Reem Kufi',sans-serif;
  font-style: normal;
  font-weight: normal;
  font-size: 1.8rem;
  line-height: 2.7rem;
  text-align: center;
  margin: 0 7rem;
  margin-bottom: 4.5rem;
}

.c3 {
  display: grid;
  grid-template-columns: 1fr 1fr 1fr;
  grid-gap: 3rem;
  opacity: 1;
}

.c1 {
  font-family: 'Rozha One',serif;
  font-size: 8rem;
  padding-top: 6.4rem;
  margin-bottom: 1.6rem;
  font-style: normal;
  font-weight: normal;
  line-height: 117%;
  text-align: left;
  font-feature-settings: "haln" on;
}

.c2 {
  font-family: 'Reem Kufi',sans-serif;
  font-style: normal;
  font-weight: normal;
  font-size: 2.4rem;
  line-height: 3.6rem;
  text-align: left;
  margin-bottom: 7.2rem;
  width: 59.6rem;
}

.c0 {
  margin: 0 16.5rem 11.4rem 16.5rem;
  will-change: transform;
}

@media (max-width:375px) {
  .c6 {
    margin: 0 auto;
    margin-bottom: 4.5rem;
    width: 23rem;
  }
}

@media (max-width:375px) {
  .c3 {
    display: block;
    padding: 0 2.4rem;
    margin-top: 3.6rem;
  }
}

@media (max-width:375px) {
  .c1 {
    font-size: 5rem;
    margin-bottom: 3.6rem;
  }
}

@media (max-width:375px) {
  .c2 {
    font-size: 2rem;
    line-height: 3rem;
  }
}

@media (max-width:375px) {
  .c0 {
    margin: 0 2.4rem 6.4rem 2.4rem;
  }
}

<div
  className="c0"
>
  <h1
    className="c1"
  >
    What youâ€™re getting?
  </h1>
  <span
    className="c2"
  >
    We bring you personalized development programs that are backed by research and crafted from the years of experience
  </span>
  <div
    className="c3"
  >
    <div
      className="c4"
      id="benefit-card1"
    >
      <svg
        style={
          Object {
            "margin": "0 auto",
            "marginTop": "4.5rem",
          }
        }
      >
        benefit-1.svg
      </svg>
      <h1
        className="c5"
      >
        1 FREE chat session
      </h1>
      <p
        className="c6"
      >
        Start with a free text based chat session online
      </p>
    </div>
    <div
      className="c4"
      id="benefit-card2"
    >
      <svg
        style={
          Object {
            "margin": "0 auto",
            "marginTop": "4.5rem",
          }
        }
      >
        benefit-2.svg
      </svg>
      <h1
        className="c5"
      >
        Personal Coach
      </h1>
      <p
        className="c6"
      >
        A dedicated coach to help you through your journey
      </p>
    </div>
    <div
      className="c4"
      id="benefit-card3"
    >
      <svg
        style={
          Object {
            "margin": "0 auto",
            "marginTop": "4.5rem",
          }
        }
      >
        benefit-3.svg
      </svg>
      <h1
        className="c5"
      >
        Text chat session
      </h1>
      <p
        className="c6"
      >
        An excellent way of preaparing a projects wireframe
      </p>
    </div>
  </div>
</div>
`;
