// Jest Snapshot v1, https://goo.gl/fbAQLP

exports[`check render correctly <AccomplishmentItem /> component 1`] = `
.c0 {
  display: block;
  font-family: 'Rozha One',serif;
  font-style: normal;
  font-weight: normal;
  font-size: 8rem;
  line-height: 117%;
  margin-bottom: 1.6rem;
  text-align: center;
  font-feature-settings: "haln" on;
  color: #FABD20;
}

.c1 {
  display: block;
  font-family: 'Reem Kufi',sans-serif;
  font-style: normal;
  font-weight: normal;
  font-size: 2.4rem;
  line-height: 3.6rem;
  margin: 0 4rem;
  text-align: center;
  color: #131E07;
}

@media (max-width:375px) {
  .c0 {
    margin-bottom: 0.6rem;
  }
}

<div
  className=""
>
  <h1
    className="c0"
  >
    10,000+
  </h1>
  <p
    className="c1"
  >
    Medical recommendations
  </p>
</div>
`;
