// Jest Snapshot v1, https://goo.gl/fbAQLP

exports[`check render correctly <Logo /> component 1`] = `
.c0 {
  display: -webkit-box;
  display: -webkit-flex;
  display: -ms-flexbox;
  display: flex;
  -webkit-flex-direction: row;
  -ms-flex-direction: row;
  flex-direction: row;
  -webkit-box-pack: justify;
  -webkit-justify-content: space-between;
  -ms-flex-pack: justify;
  justify-content: space-between;
  -webkit-align-items: center;
  -webkit-box-align: center;
  -ms-flex-align: center;
  align-items: center;
  position: relative;
  width: 17.3rem;
  height: 4.7rem;
  cursor: pointer;
}

.c2 {
  font-size: 4rem;
  font-style: normal;
  font-weight: normal;
  text-align: center;
  width: 10.2rem;
  line-height: 117%;
  color: #131E07;
}

.c1 {
  position: absolute;
  top: 0.7rem;
  right: 0.3rem;
}

<div
  className="c0"
>
  <svg
    className="c1"
  >
    ellipse-1.svg
  </svg>
  <svg>
    ellipse-2.svg
  </svg>
  <p
    className="c2"
  >
    Medli
  </p>
</div>
`;
