// Jest Snapshot v1, https://goo.gl/fbAQLP

exports[`check render correctly <Benefits /> component 1`] = `
.c1 {
  display: -webkit-box;
  display: -webkit-flex;
  display: -ms-flexbox;
  display: flex;
  -webkit-flex-direction: column;
  -ms-flex-direction: column;
  flex-direction: column;
  -webkit-box-pack: center;
  -webkit-justify-content: center;
  -ms-flex-pack: center;
  justify-content: center;
  -webkit-align-self: center;
  -ms-flex-item-align: center;
  align-self: center;
  height: 45rem;
  border-radius: 8px;
  background-color: #FFFFFF;
  -webkit-transition: all 0.3s cubic-bezier(0.455,0.03,0.515,0.955);
  transition: all 0.3s cubic-bezier(0.455,0.03,0.515,0.955);
  will-change: transform;
}

.c1:hover {
  box-shadow: 0px 1rem 2rem rgba(0,0,0,0.25);
  -webkit-transform: translateY(1rem);
  -ms-transform: translateY(1rem);
  transform: translateY(1rem);
}

.c2 {
  font-family: 'Rozha One',serif;
  font-size: 2.4rem;
  padding-top: 8.1rem;
  margin-bottom: 1.6rem;
  font-style: normal;
  font-weight: normal;
  line-height: 117%;
  text-align: center;
  font-feature-settings: "haln" on;
  color: #131E07;
}

.c3 {
  font-family: 'Reem Kufi',sans-serif;
  font-style: normal;
  font-weight: normal;
  font-size: 1.8rem;
  line-height: 2.7rem;
  text-align: center;
  margin: 0 7rem;
  margin-bottom: 4.5rem;
}

.c0 {
  display: grid;
  grid-template-columns: 1fr 1fr 1fr;
  grid-gap: 3rem;
  opacity: 1;
}

@media (max-width:375px) {
  .c3 {
    margin: 0 auto;
    margin-bottom: 4.5rem;
    width: 23rem;
  }
}

@media (max-width:375px) {
  .c0 {
    display: block;
    padding: 0 2.4rem;
    margin-top: 3.6rem;
  }
}

<div
  className="c0"
>
  <div
    className="c1"
    id="benefit-card1"
  >
    <svg
      style={
        Object {
          "margin": "0 auto",
          "marginTop": "4.5rem",
        }
      }
    >
      benefit-1.svg
    </svg>
    <h1
      className="c2"
    >
      1 FREE chat session
    </h1>
    <p
      className="c3"
    >
      Start with a free text based chat session online
    </p>
  </div>
</div>
`;
